
Memory Configuration

Name             Origin             Length             Attributes
RAMEXEC          0x20000000         0x00008000         xrw
FLASH            0x00000000         0x00040000         xr
*default*        0x00000000         0xffffffff

Linker script and memory map

                0x20008000                _estack = (ORIGIN (RAMEXEC) + LENGTH (RAMEXEC))
                0x00000200                _Min_Heap_Size = 0x200
                0x00000400                _Min_Stack_Size = 0x400

.isr_vector     0x00000000        0x8
                0x00000000                . = ALIGN (0x4)
 *(.isr_vector)
 .isr_vector    0x00000000        0x8 StartupCode_STM32F103C8.o
                0x00000000                Vector_Table
                0x00000008                . = ALIGN (0x4)

.Sprints_Section
                0x00001000        0xc
                0x00001000                . = ALIGN (0x4)
 *(.Sprints_Section)
 .Sprints_Section
                0x00001000        0xc App.o
                0x00001000                Sprints_Arr
 *(.Sprints_Section*)
                0x0000100c                . = ALIGN (0x4)

.text           0x0000100c       0x9c
                0x0000100c                . = ALIGN (0x4)
 *(.text)
 .text          0x0000100c       0x94 StartupCode_STM32F103C8.o
                0x0000100c                Reset_Handler
 .text          0x000010a0        0x6 App.o
                0x000010a0                main
 *(.text*)
                0x000010a8                . = ALIGN (0x4)
 *fill*         0x000010a6        0x2 
                0x000010a8                _etext = .

.glue_7         0x000010a8        0x0
 .glue_7        0x000010a8        0x0 linker stubs

.glue_7t        0x000010a8        0x0
 .glue_7t       0x000010a8        0x0 linker stubs

.vfp11_veneer   0x000010a8        0x0
 .vfp11_veneer  0x000010a8        0x0 linker stubs

.v4_bx          0x000010a8        0x0
 .v4_bx         0x000010a8        0x0 linker stubs

.iplt           0x000010a8        0x0
 .iplt          0x000010a8        0x0 StartupCode_STM32F103C8.o

.rodata         0x000010a8        0x4
                0x000010a8                . = ALIGN (0x4)
 *(.rodata)
 .rodata        0x000010a8        0x4 StartupCode_STM32F103C8.o
                0x000010a8                MSP_Value
 *(.rodata*)
                0x000010ac                . = ALIGN (0x4)
                0x000010ac                _sidata = LOADADDR (.data)

.rel.dyn        0x000010ac        0x0
 .rel.iplt      0x000010ac        0x0 StartupCode_STM32F103C8.o

.data           0x20000000        0x0 load address 0x000010ac
                0x20000000                . = ALIGN (0x4)
                0x20000000                _sdata = .
 *(.data)
 .data          0x20000000        0x0 StartupCode_STM32F103C8.o
 .data          0x20000000        0x0 App.o
 *(.data*)
                0x20000000                . = ALIGN (0x4)
                0x20000000                _edata = .

.igot.plt       0x20000000        0x0 load address 0x000010ac
 .igot.plt      0x20000000        0x0 StartupCode_STM32F103C8.o

.bss            0x20000000        0x0 load address 0x000010ac
                0x20000000                _sbss = .
 *(.bss)
 .bss           0x20000000        0x0 StartupCode_STM32F103C8.o
 .bss           0x20000000        0x0 App.o
 *(.bss*)
                0x20000000                . = ALIGN (0x4)
                0x20000000                _ebss = .

._user_heap_stack
                0x20000000      0x600 load address 0x000010ac
                0x20000000                . = ALIGN (0x8)
                0x20000200                . = (. + _Min_Heap_Size)
 *fill*         0x20000000      0x200 
                0x20000600                . = (. + _Min_Stack_Size)
 *fill*         0x20000200      0x400 
                0x20000600                . = ALIGN (0x8)
LOAD StartupCode_STM32F103C8.o
LOAD App.o
OUTPUT(StartupCode_STM32F103C8.elf elf32-littlearm)
LOAD linker stubs

.comment        0x00000000       0x4d
 .comment       0x00000000       0x4d StartupCode_STM32F103C8.o
                                 0x4e (size before relaxing)
 .comment       0x0000004d       0x4e App.o

.ARM.attributes
                0x00000000       0x2d
 .ARM.attributes
                0x00000000       0x2d StartupCode_STM32F103C8.o
 .ARM.attributes
                0x0000002d       0x2d App.o
